// Jest Snapshot v1, https://goo.gl/fbAQLP

exports[`PasswordField renders correctly 1`] = `
<div>
  <div
    class="form--item"
  >
    <p
      class="form--label "
    >
      Password
    </p>
    <input
      class="form--input "
      data-testid="password"
      id="password"
      name="password"
      type="password"
      value=""
    />
    <p
      class="error "
    />
  </div>
</div>
`;
